=== Bß║»t ─æß║ºu test Audio Moderation ===

1. ─Éang ─æß╗ìc file audio: D:\DoAn\Whisper\Whisper_BE\test_audio.wav...

2. Gß╗¡i l├¬n Azure Speech-to-Text ─æß╗â nhß║¡n dß║íng (vi-VN)...
transcribeAudio: converting incoming buffer to PCM WAV...
node.exe : Error during 
ffmpeg conversion: Error: 
Output stream closed
At line:1 char:1
+ & "C:\Program 
Files\nodejs/node.exe" 
"C:\Users\Kieu 
Phuoc\AppData\Roa ...
+ ~~~~~~~~~~~~~~~~~~~~~~~~~~~
~~~~~~~~~~~~~~~~~~~~~~~~~~~~~
~~~~~~~~~~~~~
    + CategoryInfo           
   : NotSpecified: (Error d  
  uring ff...t stream clos   
 ed:String) [], RemoteExc    
eption
    + FullyQualifiedErrorId  
   : NativeCommandError
 
    at Timeout._onTimeout (D:
\DoAn\Whisper\Whisper_BE\node
_modules\fluent-ffmpeg\lib\pr
ocessor.js:489:25)
    at listOnTimeout 
(node:internal/timers:608:17)
    at process.processTimers 
(node:internal/timers:543:7)

--- Kß║╛T QUß║ó NHß║¼N Dß║áNG ---
(Kh├┤ng nhß║¡n dß║íng ─æ╞░ß╗úc giß╗ìng n├│i n├áo)
-----------------------

Kh├┤ng c├│ v─ân bß║ún ─æß╗â content moderation.
